// Jest Snapshot v1, https://goo.gl/fbAQLP

exports[`SearchBar 렌더링 시킬 수 있다. 1`] = `<View />`;
