// Jest Snapshot v1, https://goo.gl/fbAQLP

exports[`App Test renders correctly 1`] = `<View />`;
